indent: 23
infile: -
outfile: -
prefix: 
max_frobulate: 0
verbose: 0
