indent: 77
max_frobulate: 1
max_frobulate: 2
extra arg: a
extra arg: b
extra arg: dd
extra arg: ppp
extra arg: lll
