indent: 0
infile: -
outfile: -
prefix: 
max_frobulate: 0
verbose: 0
extra arg: foo
extra arg: bar
extra arg: baz
